
> frontend@0.0.0 build
> vite build

[36mvite v7.3.1 [32mbuilding client environment for production...[36m[39m
transforming...
[32mΓ£ô[39m 203 modules transformed.
rendering chunks...
computing gzip size...
[2mdist/[22m[32mindex.html                 [39m[1m[2m  0.93 kB[22m[1m[22m[2m Γöé gzip:   0.50 kB[22m
[2mdist/[22m[35massets/index-J_XNn0aP.css  [39m[1m[2m 54.70 kB[22m[1m[22m[2m Γöé gzip:   9.10 kB[22m
[2mdist/[22m[36massets/index-D8jhj3BD.js   [39m[1m[2m406.16 kB[22m[1m[22m[2m Γöé gzip: 121.78 kB[22m
[32mΓ£ô built in 2.21s[39m
